2025-12-16 13:20:25,144(HH:mm:ss.SSS) [main] INFO  testCases.TC001_AccountRegistrationTest - **** Starting TC001_AccountingRegistartionTest ****
2025-12-16 13:20:25,428(HH:mm:ss.SSS) [main] INFO  testCases.TC001_AccountRegistrationTest - Clicked on myAccount link
2025-12-16 13:20:26,045(HH:mm:ss.SSS) [main] INFO  testCases.TC001_AccountRegistrationTest - Clicked on Register link
2025-12-16 13:20:26,053(HH:mm:ss.SSS) [main] INFO  testCases.TC001_AccountRegistrationTest - Providing customer details...
2025-12-16 13:20:28,696(HH:mm:ss.SSS) [main] INFO  testCases.TC001_AccountRegistrationTest - Validating expected message
2025-12-16 13:20:28,759(HH:mm:ss.SSS) [main] ERROR testCases.TC001_AccountRegistrationTest - Test failed
2025-12-16 13:20:28,759(HH:mm:ss.SSS) [main] DEBUG testCases.TC001_AccountRegistrationTest - Debug Logs
2025-12-16 13:26:09,501(HH:mm:ss.SSS) [main] INFO  testCases.TC001_AccountRegistrationTest - **** Starting TC001_AccountingRegistartionTest ****
2025-12-16 13:26:09,767(HH:mm:ss.SSS) [main] INFO  testCases.TC001_AccountRegistrationTest - Clicked on myAccount link
2025-12-16 13:26:10,336(HH:mm:ss.SSS) [main] INFO  testCases.TC001_AccountRegistrationTest - Clicked on Register link
2025-12-16 13:26:10,357(HH:mm:ss.SSS) [main] INFO  testCases.TC001_AccountRegistrationTest - Providing customer details...
2025-12-16 13:26:13,183(HH:mm:ss.SSS) [main] INFO  testCases.TC001_AccountRegistrationTest - Validating expected message
2025-12-16 13:26:13,291(HH:mm:ss.SSS) [main] INFO  testCases.TC001_AccountRegistrationTest - **** Finished TC001_AccountingRegistartionTest ****
13:28:19.306 [main] INFO  testCases.TC001_AccountRegistrationTest - **** Starting TC001_AccountingRegistartionTest ****
13:28:19.522 [main] INFO  testCases.TC001_AccountRegistrationTest - Clicked on myAccount link
13:28:20.173 [main] INFO  testCases.TC001_AccountRegistrationTest - Clicked on Register link
13:28:20.181 [main] INFO  testCases.TC001_AccountRegistrationTest - Providing customer details...
13:28:23.113 [main] INFO  testCases.TC001_AccountRegistrationTest - Validating expected message
13:28:23.257 [main] INFO  testCases.TC001_AccountRegistrationTest - **** Finished TC001_AccountingRegistartionTest ****
13:29:35.984 [main] INFO  testCases.TC001_AccountRegistrationTest - **** Starting TC001_AccountingRegistartionTest ****
13:29:36.975 [main] INFO  testCases.TC001_AccountRegistrationTest - Clicked on myAccount link
13:29:37.600 [main] INFO  testCases.TC001_AccountRegistrationTest - Clicked on Register link
13:29:37.604 [main] INFO  testCases.TC001_AccountRegistrationTest - Providing customer details...
13:29:40.152 [main] INFO  testCases.TC001_AccountRegistrationTest - Validating expected message
13:29:40.235 [main] INFO  testCases.TC001_AccountRegistrationTest - **** Finished TC001_AccountingRegistartionTest ****
13:49:07.874 [main] INFO  testCases.TC001_AccountRegistrationTest - **** Starting TC001_AccountingRegistartionTest ****
13:49:09.044 [main] INFO  testCases.TC001_AccountRegistrationTest - Clicked on myAccount link
13:49:09.630 [main] INFO  testCases.TC001_AccountRegistrationTest - Clicked on Register link
13:49:09.634 [main] INFO  testCases.TC001_AccountRegistrationTest - Providing customer details...
13:49:12.634 [main] INFO  testCases.TC001_AccountRegistrationTest - Validating expected message
13:49:12.699 [main] INFO  testCases.TC001_AccountRegistrationTest - **** Finished TC001_AccountingRegistartionTest ****
13:50:17.697 [main] INFO  testCases.TC002_LoginTest - ****Starting tc002_LoginTest****
14:09:37.068 [main] INFO  testCases.TC002_LoginTest - ****Starting tc002_LoginTest****
14:10:27.626 [main] INFO  testCases.TC002_LoginTest - ****Starting tc002_LoginTest****
14:18:06.246 [main] INFO  testCases.TC002_LoginTest - ****Starting tc002_LoginTest****
14:22:03.364 [main] INFO  testCases.TC002_LoginTest - ****Starting tc002_LoginTest****
14:22:05.591 [main] INFO  testCases.TC002_LoginTest - ****Finished tc002_LoginTest****
17:04:45.179 [main] INFO  testCases.TC002_LoginTest - ****Starting tc002_LoginTest****
17:04:48.773 [main] INFO  testCases.TC002_LoginTest - ****Finished tc002_LoginTest****
10:53:00.899 [TestNG-tests-1] INFO  testCases.TC001_AccountRegistrationTest - **** Starting TC001_AccountingRegistartionTest ****
10:53:04.452 [TestNG-tests-1] INFO  testCases.TC001_AccountRegistrationTest - Clicked on myAccount link
10:53:04.710 [TestNG-tests-2] INFO  testCases.TC001_AccountRegistrationTest - **** Starting TC001_AccountingRegistartionTest ****
10:53:05.043 [TestNG-tests-2] INFO  testCases.TC001_AccountRegistrationTest - Clicked on myAccount link
10:53:05.464 [TestNG-tests-1] INFO  testCases.TC001_AccountRegistrationTest - Clicked on Register link
10:53:05.469 [TestNG-tests-1] INFO  testCases.TC001_AccountRegistrationTest - Providing customer details...
10:53:06.958 [TestNG-tests-2] INFO  testCases.TC001_AccountRegistrationTest - Clicked on Register link
10:53:06.960 [TestNG-tests-2] INFO  testCases.TC001_AccountRegistrationTest - Providing customer details...
